/Users/masih/Documents/PhD/Code/P2P Workspace/synopsis/src/test/java/org/mashti/synopsis/CharacterProtectorTest.java
/Users/masih/Documents/PhD/Code/P2P Workspace/synopsis/src/test/java/org/mashti/synopsis/LineConventionsTest.java
/Users/masih/Documents/PhD/Code/P2P Workspace/synopsis/src/test/java/org/mashti/synopsis/MarkdownTest.java
/Users/masih/Documents/PhD/Code/P2P Workspace/synopsis/src/test/java/org/mashti/synopsis/TextEditorTest.java
/Users/masih/Documents/PhD/Code/P2P Workspace/synopsis/src/test/java/org/mashti/synopsis/EdgeCasesTest.java
/Users/masih/Documents/PhD/Code/P2P Workspace/synopsis/src/test/java/org/mashti/synopsis/EmailAddressesTest.java
/Users/masih/Documents/PhD/Code/P2P Workspace/synopsis/src/test/java/org/mashti/synopsis/PreserveHtmlBlockTagsTest.java
/Users/masih/Documents/PhD/Code/P2P Workspace/synopsis/src/test/java/org/mashti/synopsis/EscapeSpecialCharsWithinTagAttributes.java
/Users/masih/Documents/PhD/Code/P2P Workspace/synopsis/src/test/java/org/mashti/synopsis/HandleHtmlInlineTagsTest.java
/Users/masih/Documents/PhD/Code/P2P Workspace/synopsis/src/test/java/org/mashti/synopsis/MarkupFileTest.java
/Users/masih/Documents/PhD/Code/P2P Workspace/synopsis/src/test/java/org/mashti/synopsis/package-info.java
/Users/masih/Documents/PhD/Code/P2P Workspace/synopsis/src/test/java/org/mashti/synopsis/TestResultPair.java
