org/mashti/synopsis/HTMLDecoder$1.class
org/mashti/synopsis/MarkdownProcessor$11.class
org/mashti/synopsis/MarkdownProcessor$4$1.class
org/mashti/synopsis/HTMLDecoder.class
org/mashti/synopsis/MarkdownProcessor$4.class
org/mashti/synopsis/Processor$3.class
org/mashti/synopsis/MarkdownProcessor$2.class
org/mashti/synopsis/TextEditor$1.class
org/mashti/synopsis/Processor.class
org/mashti/synopsis/Processor$6.class
org/mashti/synopsis/MarkdownProcessor$5.class
org/mashti/synopsis/MarkdownProcessor.class
org/mashti/synopsis/CharacterProtector.class
org/mashti/synopsis/Replacement.class
org/mashti/synopsis/MarkdownProcessor$6.class
org/mashti/synopsis/MarkdownProcessor$8.class
org/mashti/synopsis/MarkdownProcessor$14.class
org/mashti/synopsis/Processor$5.class
org/mashti/synopsis/Processor$5$1.class
org/mashti/synopsis/MarkdownProcessor$3.class
org/mashti/synopsis/Processor$5$2.class
org/mashti/synopsis/MarkdownProcessor$7.class
org/mashti/synopsis/MarkdownProcessor$9.class
org/mashti/synopsis/HTMLToken.class
org/mashti/synopsis/Processor$2.class
org/mashti/synopsis/Processor$1.class
org/mashti/synopsis/HTMLDecoder$2.class
org/mashti/synopsis/TextEditor$2.class
org/mashti/synopsis/MarkdownProcessor$12.class
org/mashti/synopsis/MarkdownProcessor$1.class
org/mashti/synopsis/MarkdownProcessor$13.class
org/mashti/synopsis/LinkDefinition.class
org/mashti/synopsis/MarkdownProcessor$10.class
org/mashti/synopsis/TextEditor.class
org/mashti/synopsis/Processor$4.class
